// Jest Snapshot v1, https://goo.gl/fbAQLP

exports[`should correctly render LoginPage 1`] = `
<div
  className="box-layout"
>
  <div
    className="box-layout__box"
  >
    <h1
      className="box-layout__title"
    >
      Automobile
    </h1>
    <p>
      Please feel free to visit us
    </p>
    <button
      className="button"
    >
      Login with google account
    </button>
  </div>
</div>
`;
